python : E
At line:1 char:55
+ ... rial_Tool"; python tests/test_presenter_init.py > te
st_output.txt 2>& ...
+                 ~~~~~~~~~~~~~~~~~~~~~~~~~~~~~~~~~~~~~~~~
~~~~~~~~~~~~~~~~~
    + CategoryInfo          : NotSpecified: (E:String) [] 
   , RemoteException
    + FullyQualifiedErrorId : NativeCommandError
 
==========================================================
============
ERROR: test_main_presenter_init (__main__.TestPresenterIni
t.test_main_presenter_init)
MainPresenter 초기화 테스트
----------------------------------------------------------
------------
Traceback (most recent call last):
  File "C:\Users\lkj01\Desktop\Serial_Tool\tests\test_pres
enter_init.py", line 16, in test_main_presenter_init
    presenter = MainPresenter(window)
                ^^^^^^^^^^^^^^^^^^^^^
  File "c:\Users\lkj01\Desktop\Serial_Tool\presenter\main_
presenter.py", line 36, in __init__
    self.port_presenter = PortPresenter(self.view.left_sec
tion, self.port_controller)
                          ^^^^^^^^^^^^^^^^^^^^^^^^^^^^^^^^
^^^^^^^^^^^^^^^^^^^^^^^^^^^
  File "c:\Users\lkj01\Desktop\Serial_Tool\presenter\port_
presenter.py", line 53, in __init__
    self.port_controller.port_opened.connect(self.on_port_
opened)
    ^^^^^^^^^^^^^^^^^^^^^^^^^^^^^^^^
AttributeError: 'PortController' object has no attribute '
port_opened'

----------------------------------------------------------
------------
Ran 1 test in 0.788s

FAILED (errors=1)
